// Jest Snapshot v1, https://goo.gl/fbAQLP

exports[`renders learn react link 1`] = `
<div
  className="container-fluid"
>
  <div>
    <nav
      className="navbar navbar-light bg-dark mb-5"
    >
      <div
        className="container"
      >
        <div
          className="navbar-header"
        >
          <a
            className="navbar-brand text-white text-lg brand-text"
            href="#/"
            onClick={[Function]}
          >
            <h1>
              Recipe Store
            </h1>
          </a>
        </div>
        <ul
          className="navbar-nav ml-auto text-light d-inline-block"
        >
          <li
            className="nav-item d-inline-block mr-4"
          >
            <i
              className="fab fa-react fa-5x"
              id="react-logo"
            />
          </li>
          <li
            className="nav-item d-inline-block mr-4"
          >
            <i
              className="fab fa-redux fa-5x"
              id="redux-logo"
            />
          </li>
        </ul>
      </div>
    </nav>
  </div>
  <div
    className="row "
  >
    <div>
      <div>
        <img
          alt="Loading..."
          src="spinner.gif"
          style={
            Object {
              "display": "block",
              "margin": "auto",
              "width": "200px",
            }
          }
        />
      </div>
    </div>
  </div>
  <div>
    <div
      className="row"
    >
      <div
        className="col-md-12"
      >
        <div
          className="footer p-3 mt-4 text-center bg-dark text-light"
        >
          Developed By:
          <span
            className="text-warning font-weight-normal"
          >
            Rajasekhar K
          </span>
          , Using 
          <i
            className="fab fa-react"
          />
           React JS & Redux JS integrated with external recipe data API
          <a
            href="http://www.themeal.com/"
            rel="noopener noreferrer"
            target="_blank"
          >
            TheMealDB
          </a>
        </div>
      </div>
    </div>
  </div>
</div>
`;
