// Jest Snapshot v1, https://goo.gl/fbAQLP

exports[`renders learn react link 1`] = `
<div>
  <img
    alt="Loading..."
    src="spinner.gif"
    style={
      Object {
        "display": "block",
        "margin": "auto",
        "width": "200px",
      }
    }
  />
</div>
`;
